// Vitest Snapshot v1

exports[`renders 1`] = `<button type="button" data-v-27deb898="">Click Me Nao</button>`;
