// Vitest Snapshot v1

exports[`renders 1`] = `<span class="btn-group" data-v-5d6fa912=""><button type="button" data-v-27deb898="">Green</button><button type="button" data-v-27deb898="">Orange</button><button type="button" data-v-27deb898="">Blue</button></span>`;
