// Vitest Snapshot v1

exports[`renders and functions 1`] = `<span data-v-fcc3eddd=""><button data-v-fcc3eddd="" title="Zoom out" type="button"><br data-v-fcc3eddd="" data-testid="icon" icon="[object Object]"></button><button data-v-fcc3eddd="" title="Zoom in" type="button"><br data-v-fcc3eddd="" data-testid="icon" icon="[object Object]"></button></span>`;
