// Vitest Snapshot v1

exports[`renders 1`] = `<a data-v-663f2e50="" class="view-profile" data-testid="view-profile-link" href="/#/profile" title="Profile and preferences"><img data-v-663f2e50="" alt="Avatar of John Doe" src="https://example.com/avatar.jpg"></a>`;
