// Vitest Snapshot v1

exports[`renders 1`] = `<div data-v-46e7cf66="" class="sponsors"><a data-v-46e7cf66="" href="https://render.com" title="Render - Cloud Hosting for Developers" target="_blank"><img data-v-46e7cf66="" alt="Render - Cloud Hosting for Developers" src="undefined/resources/assets/img/sponsors/render.svg" style="height: 28px;"></a><a data-v-46e7cf66="" href="https://www.keycdn.com?a=11519" title="KeyCDN - Content delivery made easy" target="_blank"><img data-v-46e7cf66="" alt="KeyCDN - Content delivery made easy" src="undefined/resources/assets/img/sponsors/keycdn.svg"></a><a data-v-46e7cf66="" href="https://whatthediff.ai" title="What The Diff - AI powered changelog generation" target="_blank"><img data-v-46e7cf66="" alt="What The Diff - AI powered changelog generation" src="undefined/resources/assets/img/sponsors/what-the-diff.svg" style="height: 20px;"></a></div>`;
