// Vitest Snapshot v1

exports[`renders 1`] = `<span id="userBadge" class="profile"><a class="view-profile" href="/#/profile" title="View/edit user profile"><img alt="Avatar of John Doe" src="https://gravatar.com/foo" class="avatar"><span class="name">John Doe</span></a><a class="logout control" role="button" title="Log out"><br data-testid="icon" icon="[object Object]"></a></span>`;
