// Vitest Snapshot v1

exports[`renders 1`] = `
<section id="albumWrapper" data-v-748fe44c="">
  <header class="screen-header" data-v-748fe44c="">
    <div class="thumbnail-wrapper non-empty"><span class="cover" data-testid="album-artist-thumbnail" data-v-901ba52c="" data-v-748fe44c=""><a class="control control-play font-size-0" href="" role="button" data-v-901ba52c="">Play all songs in the album Led Zeppelin IV</a></span></div>
    <div class="heading-wrapper">
      <h1>Led Zeppelin IV
        <!--v-if-->
      </h1><span class="meta text-secondary"><a href="#!/artist/123" class="artist" data-v-748fe44c="">Led Zeppelin</a><span data-v-748fe44c="">10 songs</span><span data-v-748fe44c="">26:43</span><a class="info" href="" title="View album information" data-v-748fe44c="">Info</a><a class="download" href="" role="button" title="Download all songs in album" data-v-748fe44c=""> Download All </a></span>
    </div>
  </header><br data-testid="song-list" data-v-748fe44c="">
  <!--v-if-->
</section>
`;
