// Vitest Snapshot v1

exports[`renders 1`] = `
<article data-v-f01bdc56="" class="item full" draggable="true" tabindex="0" title="IV by Led Zeppelin"><br data-v-f01bdc56="" data-testid="thumbnail" entity="[object Object]">
  <footer data-v-f01bdc56="">
    <div data-v-f01bdc56="" class="name"><a href="#/album/42" class="text-normal" data-testid="name">IV</a><a href="#/artist/17">Led Zeppelin</a></div>
    <p data-v-f01bdc56="" class="meta"><a title="Shuffle all songs in the album IV" class="shuffle-album" role="button"> Shuffle </a><a title="Download all songs in the album IV" class="download-album" role="button"> Download </a></p>
  </footer>
</article>
`;
