// Jest Snapshot v1, https://goo.gl/fbAQLP

exports[`components/ui/AlbumArtOverlay requests album thumbnail 1`] = `<div data-testid="album-art-overlay" style="background-image: none;"></div>`;
