// Jest Snapshot v1, https://goo.gl/fbAQLP

exports[`components/ui/context-menu renders 1`] = ``;
