// Vitest Snapshot v1

exports[`renders 1`] = `
<div class="other-controls" data-testid="other-controls" data-v-add48cbe="">
  <div class="wrapper" data-v-add48cbe="">
    <!--v-if--><button data-testid="toggle-visualizer-btn" title="Click for a marvelous visualizer!" type="button" data-v-add48cbe="">
      <div class="bars" data-testid="soundbars" data-v-d983e410="" data-v-add48cbe=""><img alt="Sound bars" height="13" src="undefined/resources/assets/img/bars.gif" data-v-d983e410=""></div>
    </button><button title="Like Fahrstuhl to Heaven by Led Zeppelin" class="text-secondary like" data-testid="like-btn" data-v-5d366bb1="" data-v-add48cbe=""><br data-testid="btn-like-unliked" icon="[object Object]" data-v-5d366bb1=""></button><button class="active control text-uppercase" data-testid="toggle-extra-panel-btn" title="View song information" type="button" data-v-add48cbe=""> Info </button><a class="queue control" href="#!/queue" data-v-add48cbe=""><br data-testid="icon" icon="[object Object]" data-v-add48cbe=""></a><br data-testid="RepeatModeSwitch" data-v-add48cbe=""><br data-testid="Volume" data-v-add48cbe="">
  </div>
</div>
`;
