// Vitest Snapshot v1

exports[`renders 1`] = `
<div class="all-songs song-list-wrap main-scroll-wrap" data-testid="song-list" tabindex="0">
  <div class="sortable song-list-header"><span class="track-number" data-testid="header-track-number" role="button" title="Sort by track number"> # <!--v-if--><!--v-if--></span><span class="title" data-testid="header-title" role="button" title="Sort by title"> Title <svg class="svg-inline--fa fa-angle-down text-highlight" aria-hidden="true" focusable="false" data-prefix="fas" data-icon="angle-down" role="img" xmlns="http://www.w3.org/2000/svg" viewBox="0 0 384 512"><path class="" fill="currentColor" d="M192 384c-8.188 0-16.38-3.125-22.62-9.375l-160-160c-12.5-12.5-12.5-32.75 0-45.25s32.75-12.5 45.25 0L192 306.8l137.4-137.4c12.5-12.5 32.75-12.5 45.25 0s12.5 32.75 0 45.25l-160 160C208.4 380.9 200.2 384 192 384z"></path></svg><!--v-if--></span><span class="artist" data-testid="header-artist" role="button" title="Sort by artist"> Artist <!--v-if--><!--v-if--></span><span class="album" data-testid="header-album" role="button" title="Sort by album"> Album <!--v-if--><!--v-if--></span><span class="time" data-testid="header-length" role="button" title="Sort by song duration"><!--v-if--><!--v-if--> &nbsp; <svg class="svg-inline--fa fa-clock duration-header" aria-hidden="true" focusable="false" data-prefix="far" data-icon="clock" role="img" xmlns="http://www.w3.org/2000/svg" viewBox="0 0 512 512"><path class="" fill="currentColor" d="M232 120C232 106.7 242.7 96 256 96C269.3 96 280 106.7 280 120V243.2L365.3 300C376.3 307.4 379.3 322.3 371.1 333.3C364.6 344.3 349.7 347.3 338.7 339.1L242.7 275.1C236 271.5 232 264 232 255.1L232 120zM256 0C397.4 0 512 114.6 512 256C512 397.4 397.4 512 256 512C114.6 512 0 397.4 0 256C0 114.6 114.6 0 256 0zM48 256C48 370.9 141.1 464 256 464C370.9 464 464 370.9 464 256C464 141.1 370.9 48 256 48C141.1 48 48 141.1 48 256z"></path></svg></span><span class="favorite"></span><span class="play"></span></div><br data-testid="virtual-scroller" item-height="35" items="">
</div>
`;
